[exchange-rate] Failed to fetch live rate, using fallback: Error: Frankfurter API responded with 404
    at GET (src\app\api\exchange-rate\route.ts:22:13)
  20 |
  21 |     if (!res.ok) {
> 22 |       throw new Error(`Frankfurter API responded with ${res.status}`);
     |             ^
  23 |     }
  24 |
  25 |     const data = (await res.json()) as {
[exchange-rate] Failed to fetch live rate, using fallback: Error: Frankfurter API responded with 404
    at GET (src\app\api\exchange-rate\route.ts:22:13)
  20 |
  21 |     if (!res.ok) {
> 22 |       throw new Error(`Frankfurter API responded with ${res.status}`);
     |             ^
  23 |     }
  24 |
  25 |     const data = (await res.json()) as {
[exchange-rate] Failed to fetch live rate, using fallback: Error: Frankfurter API responded with 404
    at GET (src\app\api\exchange-rate\route.ts:22:13)
  20 |
  21 |     if (!res.ok) {
> 22 |       throw new Error(`Frankfurter API responded with ${res.status}`);
     |             ^
  23 |     }
  24 |
  25 |     const data = (await res.json()) as {
[exchange-rate] Failed to fetch live rate, using fallback: Error: Frankfurter API responded with 404
    at GET (src\app\api\exchange-rate\route.ts:22:13)
  20 |
  21 |     if (!res.ok) {
> 22 |       throw new Error(`Frankfurter API responded with ${res.status}`);
     |             ^
  23 |     }
  24 |
  25 |     const data = (await res.json()) as {
[exchange-rate] Failed to fetch live rate, using fallback: Error: Frankfurter API responded with 404
    at GET (src\app\api\exchange-rate\route.ts:22:13)
  20 |
  21 |     if (!res.ok) {
> 22 |       throw new Error(`Frankfurter API responded with ${res.status}`);
     |             ^
  23 |     }
  24 |
  25 |     const data = (await res.json()) as {
[exchange-rate] Failed to fetch live rate, using fallback: Error: Frankfurter API responded with 404
    at GET (src\app\api\exchange-rate\route.ts:22:13)
  20 |
  21 |     if (!res.ok) {
> 22 |       throw new Error(`Frankfurter API responded with ${res.status}`);
     |             ^
  23 |     }
  24 |
  25 |     const data = (await res.json()) as {
⚠ Cross origin request detected from 192.168.1.135 to /_next/* resource. In a future major version of Next.js, you will need to explicitly configure "allowedDevOrigins" in next.config to allow this.
Read more: https://nextjs.org/docs/app/api-reference/config/next-config-js/allowedDevOrigins
[exchange-rate] Failed to fetch live rate, using fallback: Error: Frankfurter API responded with 404
    at GET (src\app\api\exchange-rate\route.ts:22:13)
  20 |
  21 |     if (!res.ok) {
> 22 |       throw new Error(`Frankfurter API responded with ${res.status}`);
     |             ^
  23 |     }
  24 |
  25 |     const data = (await res.json()) as {
[exchange-rate] Failed to fetch live rate, using fallback: Error: Frankfurter API responded with 404
    at GET (src\app\api\exchange-rate\route.ts:22:13)
  20 |
  21 |     if (!res.ok) {
> 22 |       throw new Error(`Frankfurter API responded with ${res.status}`);
     |             ^
  23 |     }
  24 |
  25 |     const data = (await res.json()) as {
[exchange-rate] Failed to fetch live rate, using fallback: Error: Frankfurter API responded with 404
    at GET (src\app\api\exchange-rate\route.ts:22:13)
  20 |
  21 |     if (!res.ok) {
> 22 |       throw new Error(`Frankfurter API responded with ${res.status}`);
     |             ^
  23 |     }
  24 |
  25 |     const data = (await res.json()) as {
[exchange-rate] Failed to fetch live rate, using fallback: Error: Frankfurter API responded with 404
    at GET (src\app\api\exchange-rate\route.ts:22:13)
  20 |
  21 |     if (!res.ok) {
> 22 |       throw new Error(`Frankfurter API responded with ${res.status}`);
     |             ^
  23 |     }
  24 |
  25 |     const data = (await res.json()) as {
