
> casablanca-v1@0.1.0 dev
> next dev -H 0.0.0.0 -p 3600

▲ Next.js 16.1.6 (Turbopack)
- Local:         http://localhost:3600
- Network:       http://0.0.0.0:3600
- Environments: .env.local

✓ Starting...
✓ Ready in 29.1s
○ Compiling / ...
 GET / 200 in 4.6s (compile: 4.0s, render: 645ms)
 GET /icon?98d3b30dfaa4a726 200 in 1318ms
 GET /icon 200 in 1311ms
 GET /api/exchange-rate 200 in 504ms (compile: 253ms, render: 251ms)
 GET /api/v1/vehicles 200 in 1079ms (compile: 1032ms, render: 47ms)
 GET / 200 in 379ms (compile: 27ms, render: 352ms)
 GET /icon?98d3b30dfaa4a726 200 in 34ms
 GET /icon 200 in 24ms
 GET /api/v1/vehicles 200 in 53ms (compile: 19ms, render: 34ms)
 GET /api/exchange-rate 200 in 273ms (compile: 6ms, render: 267ms)
 GET /catalog 200 in 3.3s (compile: 2.3s, render: 1057ms)
 GET /icon 200 in 253ms
 GET /catalog/2ff354e8-ac35-44d4-b119-3157b94ac348 200 in 2.7s (compile: 1577ms, render: 1109ms)
 GET /icon 200 in 173ms
 GET /book/2ff354e8-ac35-44d4-b119-3157b94ac348 200 in 2.5s (compile: 1983ms, proxy.ts: 262ms, render: 236ms)
 GET /icon 200 in 154ms
[dev/book-bypass] userId=3cad21d2-f92c-466a-9a77-377cf58b3cfb vehicleId=2ff354e8-ac35-44d4-b119-3157b94ac348
 POST /api/dev/book-bypass 200 in 3.4s (compile: 3.3s, render: 138ms)
○ Compiling /booking/confirmed ...
 GET /booking/confirmed?id=e02aab66-43a4-4b1a-9077-9a49fd71d26e 200 in 5.0s (compile: 4.9s, proxy.ts: 21ms, render: 83ms)
 GET /icon 200 in 95ms
 GET /api/v1/reservations/e02aab66-43a4-4b1a-9077-9a49fd71d26e 200 in 289ms (compile: 43ms, render: 246ms)
 GET /api/v1/reservations/e02aab66-43a4-4b1a-9077-9a49fd71d26e 200 in 53ms (compile: 11ms, render: 42ms)
 GET /check-in?reservationId=e02aab66-43a4-4b1a-9077-9a49fd71d26e 200 in 2.9s (compile: 2.8s, proxy.ts: 15ms, render: 91ms)
 GET /icon 200 in 34ms
 POST /api/v1/documents/presign 200 in 217ms (compile: 34ms, render: 183ms)
 POST /api/v1/documents/presign 200 in 124ms (compile: 47ms, render: 78ms)
✓ Compiled in 4.3s
 GET /check-in?reservationId=e02aab66-43a4-4b1a-9077-9a49fd71d26e 200 in 325ms (compile: 188ms, proxy.ts: 9ms, render: 128ms)
 GET /check-in?reservationId=e02aab66-43a4-4b1a-9077-9a49fd71d26e 200 in 88ms (compile: 18ms, proxy.ts: 29ms, render: 41ms)
 GET /api/exchange-rate 200 in 417ms (compile: 6ms, render: 411ms)
 GET /check-in?reservationId=e02aab66-43a4-4b1a-9077-9a49fd71d26e 200 in 216ms (compile: 15ms, proxy.ts: 170ms, render: 30ms)
 GET /check-in?reservationId=e02aab66-43a4-4b1a-9077-9a49fd71d26e 200 in 441ms (compile: 15ms, proxy.ts: 6ms, render: 420ms)
 GET /icon?98d3b30dfaa4a726 200 in 25ms
 GET /icon 200 in 14ms
 GET /api/exchange-rate 200 in 124ms (compile: 6ms, render: 118ms)
 GET /check-in?reservationId=e02aab66-43a4-4b1a-9077-9a49fd71d26e 200 in 178ms (compile: 95ms, proxy.ts: 35ms, render: 48ms)
 GET /check-in?reservationId=e02aab66-43a4-4b1a-9077-9a49fd71d26e 200 in 132ms (compile: 9ms, proxy.ts: 10ms, render: 114ms)
 GET /check-in?reservationId=e02aab66-43a4-4b1a-9077-9a49fd71d26e 200 in 92ms (compile: 16ms, proxy.ts: 11ms, render: 66ms)
 GET /check-in?reservationId=e02aab66-43a4-4b1a-9077-9a49fd71d26e 200 in 110ms (compile: 12ms, proxy.ts: 11ms, render: 87ms)
 GET /check-in?reservationId=e02aab66-43a4-4b1a-9077-9a49fd71d26e 404 in 860ms (compile: 779ms, proxy.ts: 12ms, render: 69ms)
 GET /check-in?reservationId=e02aab66-43a4-4b1a-9077-9a49fd71d26e 200 in 133ms (compile: 5ms, proxy.ts: 6ms, render: 122ms)
 GET /check-in?reservationId=e02aab66-43a4-4b1a-9077-9a49fd71d26e 200 in 144ms (compile: 9ms, proxy.ts: 8ms, render: 127ms)
 GET /check-in?reservationId=e02aab66-43a4-4b1a-9077-9a49fd71d26e 200 in 149ms (compile: 7ms, proxy.ts: 11ms, render: 131ms)
 GET /check-in?reservationId=e02aab66-43a4-4b1a-9077-9a49fd71d26e 200 in 144ms (compile: 11ms, proxy.ts: 12ms, render: 121ms)
 GET /check-in?reservationId=e02aab66-43a4-4b1a-9077-9a49fd71d26e 200 in 119ms (compile: 9ms, proxy.ts: 11ms, render: 99ms)
 GET /check-in?reservationId=e02aab66-43a4-4b1a-9077-9a49fd71d26e 200 in 106ms (compile: 8ms, proxy.ts: 8ms, render: 90ms)
 GET /check-in?reservationId=e02aab66-43a4-4b1a-9077-9a49fd71d26e 200 in 94ms (compile: 6ms, proxy.ts: 8ms, render: 79ms)
 GET /check-in?reservationId=e02aab66-43a4-4b1a-9077-9a49fd71d26e 200 in 93ms (compile: 6ms, proxy.ts: 8ms, render: 79ms)
 GET /check-in?reservationId=e02aab66-43a4-4b1a-9077-9a49fd71d26e 200 in 97ms (compile: 7ms, proxy.ts: 9ms, render: 81ms)
 GET /check-in?reservationId=e02aab66-43a4-4b1a-9077-9a49fd71d26e 200 in 97ms (compile: 8ms, proxy.ts: 7ms, render: 82ms)
 GET /check-in?reservationId=e02aab66-43a4-4b1a-9077-9a49fd71d26e 200 in 98ms (compile: 7ms, proxy.ts: 7ms, render: 84ms)
 GET /check-in?reservationId=e02aab66-43a4-4b1a-9077-9a49fd71d26e 200 in 92ms (compile: 6ms, proxy.ts: 8ms, render: 78ms)
 GET /check-in?reservationId=e02aab66-43a4-4b1a-9077-9a49fd71d26e 200 in 114ms (compile: 7ms, proxy.ts: 7ms, render: 99ms)
 GET /check-in?reservationId=e02aab66-43a4-4b1a-9077-9a49fd71d26e 200 in 119ms (compile: 8ms, proxy.ts: 7ms, render: 104ms)
 GET /check-in?reservationId=e02aab66-43a4-4b1a-9077-9a49fd71d26e 200 in 87ms (compile: 7ms, proxy.ts: 8ms, render: 72ms)
 GET /check-in?reservationId=e02aab66-43a4-4b1a-9077-9a49fd71d26e 200 in 72ms (compile: 7ms, proxy.ts: 7ms, render: 59ms)
 GET /check-in?reservationId=e02aab66-43a4-4b1a-9077-9a49fd71d26e 200 in 69ms (compile: 5ms, proxy.ts: 6ms, render: 57ms)
 GET /check-in?reservationId=e02aab66-43a4-4b1a-9077-9a49fd71d26e 200 in 70ms (compile: 5ms, proxy.ts: 4ms, render: 61ms)
 GET /check-in?reservationId=e02aab66-43a4-4b1a-9077-9a49fd71d26e 200 in 72ms (compile: 6ms, proxy.ts: 5ms, render: 61ms)
 GET /check-in?reservationId=e02aab66-43a4-4b1a-9077-9a49fd71d26e 200 in 68ms (compile: 5ms, proxy.ts: 4ms, render: 58ms)
 GET /check-in?reservationId=e02aab66-43a4-4b1a-9077-9a49fd71d26e 200 in 101ms (compile: 6ms, proxy.ts: 5ms, render: 90ms)
 GET /check-in?reservationId=e02aab66-43a4-4b1a-9077-9a49fd71d26e 200 in 77ms (compile: 4ms, proxy.ts: 4ms, render: 68ms)
 GET /check-in?reservationId=e02aab66-43a4-4b1a-9077-9a49fd71d26e 200 in 101ms (compile: 5ms, proxy.ts: 6ms, render: 90ms)
 GET /check-in?reservationId=e02aab66-43a4-4b1a-9077-9a49fd71d26e 200 in 109ms (compile: 6ms, proxy.ts: 7ms, render: 97ms)
 GET /check-in?reservationId=e02aab66-43a4-4b1a-9077-9a49fd71d26e 200 in 288ms (compile: 7ms, proxy.ts: 10ms, render: 271ms)
 GET /check-in?reservationId=e02aab66-43a4-4b1a-9077-9a49fd71d26e 200 in 93ms (compile: 24ms, proxy.ts: 25ms, render: 44ms)
 GET /check-in?reservationId=e02aab66-43a4-4b1a-9077-9a49fd71d26e 200 in 301ms (compile: 9ms, proxy.ts: 8ms, render: 284ms)
 GET /check-in?reservationId=e02aab66-43a4-4b1a-9077-9a49fd71d26e 200 in 96ms (compile: 6ms, proxy.ts: 11ms, render: 80ms)
 GET /check-in?reservationId=e02aab66-43a4-4b1a-9077-9a49fd71d26e 200 in 50ms (compile: 7ms, proxy.ts: 9ms, render: 34ms)
 GET /check-in?reservationId=e02aab66-43a4-4b1a-9077-9a49fd71d26e 200 in 103ms (compile: 8ms, proxy.ts: 11ms, render: 84ms)
 GET /icon 200 in 218ms
 GET /api/exchange-rate 200 in 235ms (compile: 50ms, render: 185ms)
✓ Compiled in 260ms
[dev/doc-bypass] OK userId=3cad21d2-f92c-466a-9a77-377cf58b3cfb reservationId=e02aab66-43a4-4b1a-9077-9a49fd71d26e type=PASSPORT
 POST /api/dev/doc-bypass 200 in 1699ms (compile: 1582ms, render: 117ms)
[dev/doc-bypass] OK userId=3cad21d2-f92c-466a-9a77-377cf58b3cfb reservationId=e02aab66-43a4-4b1a-9077-9a49fd71d26e type=DRIVING_LICENSE
 POST /api/dev/doc-bypass 200 in 180ms (compile: 20ms, render: 160ms)
 GET /waiting-room?reservationId=e02aab66-43a4-4b1a-9077-9a49fd71d26e 200 in 1710ms (compile: 1600ms, proxy.ts: 39ms, render: 71ms)
 GET /api/v1/reservations/my 200 in 175ms (compile: 100ms, render: 76ms)
 GET /api/v1/reservations/my 200 in 80ms (compile: 9ms, render: 71ms)
 GET /icon 200 in 156ms
 GET /api/sse/proxy 502 in 695ms (compile: 671ms, render: 23ms)
 GET /api/sse/proxy 502 in 26ms (compile: 5ms, render: 21ms)
 GET /api/sse/proxy 502 in 31ms (compile: 5ms, render: 27ms)
 GET /api/sse/proxy 502 in 27ms (compile: 4ms, render: 22ms)
 GET /api/sse/proxy 502 in 33ms (compile: 6ms, render: 27ms)
 GET /api/sse/proxy 502 in 47ms (compile: 7ms, render: 40ms)
 GET /api/sse/proxy 502 in 22ms (compile: 2ms, render: 20ms)
✓ Compiled in 264ms
 GET /api/sse/proxy 400 in 118ms (compile: 88ms, render: 29ms)
✓ Compiled in 1440ms
✓ Compiled in 237ms
✓ Compiled in 282ms
○ Compiling /_error ...
 GET /waiting-room?reservationId=e02aab66-43a4-4b1a-9077-9a49fd71d26e 200 in 553ms (compile: 404ms, proxy.ts: 19ms, render: 130ms)
 GET /icon 200 in 54ms
✓ Compiled in 7.7s
 GET /api/sse/proxy 500 in 14.6s (compile: 14.1s, render: 540ms)
 GET /waiting-room?reservationId=e02aab66-43a4-4b1a-9077-9a49fd71d26e 200 in 677ms (compile: 55ms, proxy.ts: 79ms, render: 543ms)
 GET /icon?98d3b30dfaa4a726 200 in 36ms
 GET /icon 200 in 46ms
 GET /api/v1/reservations/my 200 in 137ms (compile: 38ms, render: 99ms)
 GET /api/exchange-rate 200 in 560ms (compile: 49ms, render: 511ms)
 GET / 200 in 1779ms (compile: 277ms, render: 1501ms)
 GET /api/v1/vehicles 200 in 114ms (compile: 55ms, render: 59ms)
 GET /api/exchange-rate 200 in 779ms (compile: 75ms, render: 704ms)
 DELETE /api/auth/session 200 in 610ms (compile: 597ms, render: 12ms)
 GET / 200 in 49ms (compile: 8ms, render: 40ms)
 DELETE /api/auth/session 200 in 13ms (compile: 5ms, render: 9ms)
 GET / 200 in 94ms (compile: 8ms, render: 86ms)
 GET / 200 in 45ms (compile: 9ms, render: 36ms)
 GET / 200 in 67ms (compile: 9ms, render: 57ms)
 GET /login 200 in 283ms (compile: 220ms, render: 63ms)
 POST /api/v1/auth/login 401 in 167ms (compile: 71ms, render: 96ms)
 POST /api/v1/auth/login 401 in 102ms (compile: 32ms, render: 70ms)
 POST /api/v1/auth/login 401 in 150ms (compile: 56ms, render: 95ms)
 GET /login 200 in 246ms (compile: 37ms, render: 208ms)
 GET /api/exchange-rate 200 in 281ms (compile: 5ms, render: 276ms)
 GET / 200 in 1021ms (compile: 199ms, render: 822ms)
 GET /api/v1/vehicles 200 in 142ms (compile: 51ms, render: 91ms)
 GET /api/exchange-rate 200 in 654ms (compile: 38ms, render: 616ms)
 GET /login 200 in 420ms (compile: 93ms, render: 327ms)
 POST /api/v1/auth/login 401 in 171ms (compile: 21ms, render: 150ms)
 POST /api/v1/auth/login 401 in 65ms (compile: 22ms, render: 43ms)
 POST /api/v1/auth/login 401 in 41ms (compile: 12ms, render: 29ms)
 POST /api/v1/auth/login 401 in 37ms (compile: 11ms, render: 26ms)
 POST /api/v1/auth/login 401 in 23ms (compile: 2ms, render: 21ms)
 POST /api/v1/auth/login 401 in 33ms (compile: 11ms, render: 22ms)
 GET /dashboard 200 in 1371ms (compile: 1108ms, proxy.ts: 20ms, render: 243ms)
 GET /api/sse/proxy?reservationId=e02aab66-43a4-4b1a-9077-9a49fd71d26e 200 in 21.6min (compile: 9ms, render: 21.6min)
 GET /icon 200 in 62ms
○ Compiling /smart-ticket ...
 GET /smart-ticket?reservationId=e02aab66-43a4-4b1a-9077-9a49fd71d26e 200 in 5.8s (compile: 5.7s, proxy.ts: 16ms, render: 79ms)
 GET /icon 200 in 12ms
 GET /api/v1/reservations/e02aab66-43a4-4b1a-9077-9a49fd71d26e 200 in 46ms (compile: 11ms, render: 36ms)
 GET /api/v1/reservations/e02aab66-43a4-4b1a-9077-9a49fd71d26e 200 in 23ms (compile: 3ms, render: 20ms)
 GET /icon 200 in 57ms
✓ Finished filesystem cache database compaction in 13.7s
 GET /login 200 in 2.6s (compile: 501ms, render: 2.1s)
 GET /api/exchange-rate 200 in 1105ms (compile: 95ms, render: 1010ms)
✓ Finished filesystem cache database compaction in 16.1s
